[0.074s] Invoking command in '/mnt/c/Users/adith/Desktop/robotics-portfolio/llm_arm_planner/ros2_arm_sim/build/arm_interfaces': CMAKE_PREFIX_PATH=/opt/ros/humble /usr/bin/cmake /mnt/c/Users/adith/Desktop/robotics-portfolio/llm_arm_planner/ros2_arm_sim/arm_interfaces -DCMAKE_INSTALL_PREFIX=/mnt/c/Users/adith/Desktop/robotics-portfolio/llm_arm_planner/ros2_arm_sim/install/arm_interfaces
[0.132s] [31mCMake Error at /usr/share/cmake-3.22/Modules/CMakeDetermineSystem.cmake:193 (configure_file):
[0.133s]   Operation not permitted
[0.134s] Call Stack (most recent call first):
[0.135s]   CMakeLists.txt:2 (project)
[0.136s] 
[0.137s] [0m
[0.335s] -- The C compiler identification is GNU 11.4.0
[0.513s] [31mCMake Error at /usr/share/cmake-3.22/Modules/CMakeDetermineCCompiler.cmake:226 (configure_file):
[0.514s]   Operation not permitted
[0.515s] Call Stack (most recent call first):
[0.516s]   CMakeLists.txt:2 (project)
[0.517s] 
[0.518s] [0m
[0.740s] -- The CXX compiler identification is GNU 11.4.0
[1.006s] [31mCMake Error at /usr/share/cmake-3.22/Modules/CMakeDetermineCXXCompiler.cmake:226 (configure_file):
[1.007s]   Operation not permitted
[1.008s] Call Stack (most recent call first):
[1.010s]   CMakeLists.txt:2 (project)
[1.011s] 
[1.012s] [0m
[1.026s] -- Detecting C compiler ABI info
[1.779s] -- Detecting C compiler ABI info - failed
[1.785s] -- Check for working C compiler: /usr/bin/cc
[2.304s] -- Check for working C compiler: /usr/bin/cc - works
[2.307s] -- Detecting C compile features
[2.308s] -- Detecting C compile features - done
[2.336s] [31mCMake Error at /usr/share/cmake-3.22/Modules/CMakeTestCCompiler.cmake:85 (configure_file):
[2.337s]   Operation not permitted
[2.339s] Call Stack (most recent call first):
[2.340s]   CMakeLists.txt:2 (project)
[2.340s] 
[2.341s] [0m
[2.350s] -- Detecting CXX compiler ABI info
[2.860s] -- Detecting CXX compiler ABI info - failed
[2.864s] -- Check for working CXX compiler: /usr/bin/c++
[3.349s] -- Check for working CXX compiler: /usr/bin/c++ - works
[3.355s] -- Detecting CXX compile features
[3.356s] -- Detecting CXX compile features - done
[3.385s] [31mCMake Error at /usr/share/cmake-3.22/Modules/CMakeTestCXXCompiler.cmake:78 (configure_file):
[3.386s]   Operation not permitted
[3.387s] Call Stack (most recent call first):
[3.387s]   CMakeLists.txt:2 (project)
[3.388s] 
[3.389s] [0m
[3.397s] -- Found ament_cmake: 1.3.14 (/opt/ros/humble/share/ament_cmake/cmake)
[3.580s] -- Found Python3: /usr/bin/python3 (found version "3.10.12") found components: Interpreter 
[3.605s] [31mCMake Error at /opt/ros/humble/share/ament_cmake_core/cmake/core/stamp.cmake:24 (configure_file):
[3.606s]   Operation not permitted
[3.607s] Call Stack (most recent call first):
[3.609s]   /opt/ros/humble/share/ament_cmake_core/cmake/ament_cmake_package_templates-extras.cmake:24 (stamp)
[3.610s]   /opt/ros/humble/share/ament_cmake_core/cmake/ament_cmake_coreConfig.cmake:41 (include)
[3.611s]   /opt/ros/humble/share/ament_cmake/cmake/ament_cmake_export_dependencies-extras.cmake:15 (find_package)
[3.613s]   /opt/ros/humble/share/ament_cmake/cmake/ament_cmakeConfig.cmake:41 (include)
[3.615s]   CMakeLists.txt:8 (find_package)
[3.616s] 
[3.618s] [0m
[3.743s] [31mCMake Error at /opt/ros/humble/share/ament_cmake_core/cmake/ament_cmake_uninstall_target-extras.cmake:28 (configure_file):
[3.745s]   Operation not permitted
[3.746s] Call Stack (most recent call first):
[3.748s]   /opt/ros/humble/share/ament_cmake_core/cmake/ament_cmake_coreConfig.cmake:41 (include)
[3.749s]   /opt/ros/humble/share/ament_cmake/cmake/ament_cmake_export_dependencies-extras.cmake:15 (find_package)
[3.750s]   /opt/ros/humble/share/ament_cmake/cmake/ament_cmakeConfig.cmake:41 (include)
[3.752s]   CMakeLists.txt:8 (find_package)
[3.753s] 
[3.754s] [0m
[3.802s] [31mCMake Error at /opt/ros/humble/share/ament_cmake_test/cmake/ament_cmake_test-extras.cmake:34 (configure_file):
[3.803s]   Operation not permitted
[3.804s] Call Stack (most recent call first):
[3.805s]   /opt/ros/humble/share/ament_cmake_test/cmake/ament_cmake_testConfig.cmake:41 (include)
[3.807s]   /opt/ros/humble/share/ament_cmake/cmake/ament_cmake_export_dependencies-extras.cmake:21 (find_package)
[3.808s]   /opt/ros/humble/share/ament_cmake/cmake/ament_cmakeConfig.cmake:41 (include)
[3.809s]   CMakeLists.txt:8 (find_package)
[3.811s] 
[3.812s] [0m
[3.813s] -- Found rosidl_default_generators: 1.2.1 (/opt/ros/humble/share/rosidl_default_generators/cmake)
[3.817s] -- Using all available rosidl_typesupport_c: rosidl_typesupport_fastrtps_c;rosidl_typesupport_introspection_c
[3.825s] -- Found rosidl_adapter: 3.1.9 (/opt/ros/humble/share/rosidl_adapter/cmake)
[3.938s] [33mCMake Warning at /opt/ros/humble/share/rcutils/cmake/ament_cmake_export_libraries-extras.cmake:116 (message):
[3.939s]   Package 'rcutils' exports library 'dl' which couldn't be found
[3.940s] Call Stack (most recent call first):
[3.942s]   /opt/ros/humble/share/rcutils/cmake/rcutilsConfig.cmake:41 (include)
[3.942s]   /opt/ros/humble/share/rosidl_runtime_c/cmake/ament_cmake_export_dependencies-extras.cmake:21 (find_package)
[3.943s]   /opt/ros/humble/share/rosidl_runtime_c/cmake/rosidl_runtime_cConfig.cmake:41 (include)
[3.944s]   /opt/ros/humble/share/rosidl_typesupport_fastrtps_c/cmake/ament_cmake_export_dependencies-extras.cmake:21 (find_package)
[3.945s]   /opt/ros/humble/share/rosidl_typesupport_fastrtps_c/cmake/rosidl_typesupport_fastrtps_cConfig.cmake:41 (include)
[3.946s]   /opt/ros/humble/share/rosidl_typesupport_c/cmake/rosidl_typesupport_c-extras.cmake:13 (find_package)
[3.947s]   /opt/ros/humble/share/rosidl_typesupport_c/cmake/rosidl_typesupport_cConfig.cmake:41 (include)
[3.947s]   /opt/ros/humble/share/rosidl_default_generators/cmake/rosidl_default_generators-extras.cmake:21 (find_package)
[3.948s]   /opt/ros/humble/share/rosidl_default_generators/cmake/rosidl_default_generatorsConfig.cmake:41 (include)
[3.949s]   CMakeLists.txt:9 (find_package)
[3.950s] 
[3.951s] [0m
[3.960s] -- Using all available rosidl_typesupport_cpp: rosidl_typesupport_fastrtps_cpp;rosidl_typesupport_introspection_cpp
[4.004s] -- Found action_msgs: 1.2.3 (/opt/ros/humble/share/action_msgs/cmake)
[4.046s] -- Found geometry_msgs: 4.9.2 (/opt/ros/humble/share/geometry_msgs/cmake)
[4.118s] [31mCMake Error at /opt/ros/humble/share/ament_cmake_core/cmake/core/stamp.cmake:24 (configure_file):
[4.120s]   Operation not permitted
[4.122s] Call Stack (most recent call first):
[4.123s]   /opt/ros/humble/share/rosidl_cmake/cmake/rosidl_generate_interfaces.cmake:104 (stamp)
[4.124s]   CMakeLists.txt:13 (rosidl_generate_interfaces)
[4.126s] 
[4.127s] [0m
[4.163s] [31mCMake Error at /opt/ros/humble/share/ament_cmake_core/cmake/core/stamp.cmake:24 (configure_file):
[4.164s]   Operation not permitted
[4.165s] Call Stack (most recent call first):
[4.167s]   /opt/ros/humble/share/rosidl_cmake/cmake/rosidl_generate_interfaces.cmake:104 (stamp)
[4.167s]   CMakeLists.txt:13 (rosidl_generate_interfaces)
[4.168s] 
[4.170s] [0m
[4.556s] [31mCMake Error at /opt/ros/humble/share/ament_cmake_core/cmake/core/stamp.cmake:24 (configure_file):
[4.557s]   Operation not permitted
[4.558s] Call Stack (most recent call first):
[4.558s]   /opt/ros/humble/share/ament_cmake_core/cmake/core/ament_package_xml.cmake:73 (stamp)
[4.559s]   /opt/ros/humble/share/ament_cmake_core/cmake/core/ament_package_xml.cmake:49 (_ament_package_xml)
[4.560s]   /opt/ros/humble/share/rosidl_cmake/cmake/rosidl_generate_interfaces.cmake:226 (ament_package_xml)
[4.561s]   CMakeLists.txt:13 (rosidl_generate_interfaces)
[4.562s] 
[4.563s] [0m
[4.564s] [31mCMake Error at /opt/ros/humble/share/rosidl_cmake/cmake/rosidl_generate_interfaces.cmake:229 (message):
[4.565s]   Packages installing interfaces must include
[4.566s]   '<member_of_group>rosidl_interface_packages</member_of_group>' in their
[4.570s]   package.xml
[4.571s] Call Stack (most recent call first):
[4.572s]   CMakeLists.txt:13 (rosidl_generate_interfaces)
[4.573s] 
[4.573s] [0m
[4.574s] -- Configuring incomplete, errors occurred!
[4.575s] See also "/mnt/c/Users/adith/Desktop/robotics-portfolio/llm_arm_planner/ros2_arm_sim/build/arm_interfaces/CMakeFiles/CMakeOutput.log".
[4.576s] See also "/mnt/c/Users/adith/Desktop/robotics-portfolio/llm_arm_planner/ros2_arm_sim/build/arm_interfaces/CMakeFiles/CMakeError.log".
[4.581s] Invoked command in '/mnt/c/Users/adith/Desktop/robotics-portfolio/llm_arm_planner/ros2_arm_sim/build/arm_interfaces' returned '1': CMAKE_PREFIX_PATH=/opt/ros/humble /usr/bin/cmake /mnt/c/Users/adith/Desktop/robotics-portfolio/llm_arm_planner/ros2_arm_sim/arm_interfaces -DCMAKE_INSTALL_PREFIX=/mnt/c/Users/adith/Desktop/robotics-portfolio/llm_arm_planner/ros2_arm_sim/install/arm_interfaces
